// Jest Snapshot v1, https://goo.gl/fbAQLP

exports[`nest snapshot 1`] = `
"
// @flow
import type { Action as Other2Action } from './other2/actions';
import type { Action as Other3Action } from './other3/actions';

import type { Action as SubAction } from './other/sub/actions';

export type Action = Other2Action | Other3Action | SubAction;"
`;
